// Jest Snapshot v1, https://goo.gl/fbAQLP

exports[`should render correctly 1`] = `
Array [
  <div
    className="GridItems__StyledGridItem-sc-17lm9e-0 gNSRve"
  >
    <div
      style={
        Object {
          "boxSizing": "border-box",
          "display": "inline-block",
          "margin": 0,
          "maxWidth": "100%",
          "overflow": "hidden",
          "position": "relative",
        }
      }
    >
      <div
        style={
          Object {
            "boxSizing": "border-box",
            "display": "block",
            "maxWidth": "100%",
          }
        }
      >
        <img
          alt=""
          aria-hidden={true}
          role="presentation"
          src="data:image/svg+xml;charset=utf-8,<svg width=\\"500\\" height=\\"500\\" xmlns=\\"http://www.w3.org/2000/svg\\" version=\\"1.1\\"/>"
          style={
            Object {
              "display": "block",
              "maxWidth": "100%",
            }
          }
        />
      </div>
      <img
        alt="foo"
        className="itemPicture"
        decoding="async"
        src="/_next/image?url=https%3A%2F%2Fd3lbhvavid9616.cloudfront.net%2Fassets%2Fproducts%2F54767%2F1599850348070.jpg&w=1200&q=75"
        srcSet="/_next/image?url=https%3A%2F%2Fd3lbhvavid9616.cloudfront.net%2Fassets%2Fproducts%2F54767%2F1599850348070.jpg&w=768&q=75 1x, /_next/image?url=https%3A%2F%2Fd3lbhvavid9616.cloudfront.net%2Fassets%2Fproducts%2F54767%2F1599850348070.jpg&w=1024&q=75 2x, /_next/image?url=https%3A%2F%2Fd3lbhvavid9616.cloudfront.net%2Fassets%2Fproducts%2F54767%2F1599850348070.jpg&w=1200&q=75 3x"
        style={
          Object {
            "border": "none",
            "bottom": 0,
            "boxSizing": "border-box",
            "display": "block",
            "height": 0,
            "left": 0,
            "margin": "auto",
            "maxHeight": "100%",
            "maxWidth": "100%",
            "minHeight": "100%",
            "minWidth": "100%",
            "padding": 0,
            "position": "absolute",
            "right": 0,
            "top": 0,
            "visibility": "visible",
            "width": 0,
          }
        }
      />
    </div>
    <div
      className="GridItems__StyledItemText-sc-17lm9e-1 iHzoOt"
    >
      <span>
        foo
      </span>
      <p
        className="GridItems__StyledText-sc-17lm9e-2 lppsyc"
      >
        $
        .00
      </p>
    </div>
  </div>,
  <p
    className="GridItems__StyledTextButton-sc-17lm9e-3 jIheFY"
    onClick={[Function]}
  >
    View More Products
  </p>,
]
`;
